Archive member included to satisfy reference by file (symbol)

c:/program files/microchip/xc8/v2.36/avr/bin/../lib/gcc/avr/5.4.0/avrxmega4/memx-const/mapped\libgcc.a(_copy_data.o)
                              build/default/debug/mcc_generated_files/i2c_host/src/twi0.o (__do_copy_data)
c:/program files/microchip/xc8/v2.36/avr/bin/../lib/gcc/avr/5.4.0/../../../../avr/lib/avrxmega4/memx-const/mapped\libc.a(exit.o)
                              C:/Program Files/Microchip/MPLABX/v6.25/packs/Microchip/AVR-Dx_DFP/2.7.321/xc8/avr/lib/avrxmega4/memx-const/mapped/crtavr128db28.o (exit)
c:/program files/microchip/xc8/v2.36/avr/bin/../lib/gcc/avr/5.4.0/../../../../avr/lib/avrxmega4/memx-const/mapped\libc.a(__sio_printf_doux.o)
                              build/default/debug/main.o (_printf_cdnopuxX)
c:/program files/microchip/xc8/v2.36/avr/bin/../lib/gcc/avr/5.4.0/../../../../avr/lib/avrxmega4/memx-const/mapped\libc.a(__fmt_s.o)
                              c:/program files/microchip/xc8/v2.36/avr/bin/../lib/gcc/avr/5.4.0/../../../../avr/lib/avrxmega4/memx-const/mapped\libc.a(__sio_printf_doux.o) (__fmt_s_needed)
c:/program files/microchip/xc8/v2.36/avr/bin/../lib/gcc/avr/5.4.0/../../../../avr/lib/avrxmega4/memx-const/mapped\libc.a(__printf_core.o)
                              c:/program files/microchip/xc8/v2.36/avr/bin/../lib/gcc/avr/5.4.0/../../../../avr/lib/avrxmega4/memx-const/mapped\libc.a(__fmt_s.o) (__pad)
c:/program files/microchip/xc8/v2.36/avr/bin/../lib/gcc/avr/5.4.0/../../../../avr/lib/avrxmega4/memx-const/mapped\libc.a(fputc.o)
                              c:/program files/microchip/xc8/v2.36/avr/bin/../lib/gcc/avr/5.4.0/../../../../avr/lib/avrxmega4/memx-const/mapped\libc.a(__printf_core.o) (fputc)
c:/program files/microchip/xc8/v2.36/avr/bin/../lib/gcc/avr/5.4.0/../../../../avr/lib/avrxmega4/memx-const/mapped\libc.a(puts.o)
                              build/default/debug/main.o (puts)
c:/program files/microchip/xc8/v2.36/avr/bin/../lib/gcc/avr/5.4.0/../../../../avr/lib/avrxmega4/memx-const/mapped\libc.a(stdout.o)
                              build/default/debug/mcc_generated_files/uart/src/usart2.o (_stdout)
c:/program files/microchip/xc8/v2.36/avr/bin/../lib/gcc/avr/5.4.0/../../../../avr/lib/avrxmega4/memx-const/mapped\libc.a(__fmt_d.o)
                              c:/program files/microchip/xc8/v2.36/avr/bin/../lib/gcc/avr/5.4.0/../../../../avr/lib/avrxmega4/memx-const/mapped\libc.a(__sio_printf_doux.o) (__fmt_d_needed)
c:/program files/microchip/xc8/v2.36/avr/bin/../lib/gcc/avr/5.4.0/../../../../avr/lib/avrxmega4/memx-const/mapped\libc.a(__fmt_o.o)
                              c:/program files/microchip/xc8/v2.36/avr/bin/../lib/gcc/avr/5.4.0/../../../../avr/lib/avrxmega4/memx-const/mapped\libc.a(__sio_printf_doux.o) (__fmt_o_needed)
c:/program files/microchip/xc8/v2.36/avr/bin/../lib/gcc/avr/5.4.0/../../../../avr/lib/avrxmega4/memx-const/mapped\libc.a(__fmt_u.o)
                              c:/program files/microchip/xc8/v2.36/avr/bin/../lib/gcc/avr/5.4.0/../../../../avr/lib/avrxmega4/memx-const/mapped\libc.a(__fmt_d.o) (__cvt_u)
c:/program files/microchip/xc8/v2.36/avr/bin/../lib/gcc/avr/5.4.0/../../../../avr/lib/avrxmega4/memx-const/mapped\libc.a(__fmt_x.o)
                              c:/program files/microchip/xc8/v2.36/avr/bin/../lib/gcc/avr/5.4.0/../../../../avr/lib/avrxmega4/memx-const/mapped\libc.a(__sio_printf_doux.o) (__fmt_x_needed)
c:/program files/microchip/xc8/v2.36/avr/bin/../lib/gcc/avr/5.4.0/../../../../avr/lib/avrxmega4/memx-const/mapped\libc.a(__pop_float.o)
                              c:/program files/microchip/xc8/v2.36/avr/bin/../lib/gcc/avr/5.4.0/../../../../avr/lib/avrxmega4/memx-const/mapped\libc.a(__printf_core.o) (__pop_float)
c:/program files/microchip/xc8/v2.36/avr/bin/../lib/gcc/avr/5.4.0/../../../../avr/lib/avrxmega4/memx-const/mapped\libc.a(__pop_int.o)
                              c:/program files/microchip/xc8/v2.36/avr/bin/../lib/gcc/avr/5.4.0/../../../../avr/lib/avrxmega4/memx-const/mapped\libc.a(__printf_core.o) (__pop_int)
c:/program files/microchip/xc8/v2.36/avr/bin/../lib/gcc/avr/5.4.0/../../../../avr/lib/avrxmega4/memx-const/mapped\libc.a(__pop_ptr.o)
                              c:/program files/microchip/xc8/v2.36/avr/bin/../lib/gcc/avr/5.4.0/../../../../avr/lib/avrxmega4/memx-const/mapped\libc.a(__printf_core.o) (__pop_ptr)
c:/program files/microchip/xc8/v2.36/avr/bin/../lib/gcc/avr/5.4.0/../../../../avr/lib/avrxmega4/memx-const/mapped\libc.a(atoi.o)
                              c:/program files/microchip/xc8/v2.36/avr/bin/../lib/gcc/avr/5.4.0/../../../../avr/lib/avrxmega4/memx-const/mapped\libc.a(__printf_core.o) (atoi)
c:/program files/microchip/xc8/v2.36/avr/bin/../lib/gcc/avr/5.4.0/../../../../avr/lib/avrxmega4/memx-const/mapped\libc.a(memset.o)
[...]
Memory Configuration

Name             Origin             Length             Attributes
text             0x0000000000000000 0x0000000000020000 xr
data             0x0000000000804000 0x0000000000004000 rw !x
eeprom           0x0000000000810000 0x0000000000000200 rw !x
fuse             0x0000000000820000 0x0000000000000010 rw !x
lock             0x0000000000830000 0x0000000000000400 rw !x
signature        0x0000000000840000 0x0000000000000400 rw !x
user_signatures  0x0000000000850000 0x0000000000000400 rw !x
*default*        0x0000000000000000 0xffffffffffffffff

Linker script and memory map

Address of section .data set to 0x804000
                0x0000000000008000                __RODATA_PM_OFFSET__ = 0x8000
LOAD C:/Program Files/Microchip/MPLABX/v6.25/packs/Microchip/AVR-Dx_DFP/2.7.321/xc8/avr/lib/avrxmega4/memx-const/mapped/crtavr128db28.o
                0x0000000000000001                __MPLAB_BUILD = 0x1
LOAD build/default/debug/mcc_generated_files/i2c_host/src/twi0.o
LOAD build/default/debug/mcc_generated_files/system/src/protected_io.o
LOAD build/default/debug/mcc_generated_files/system/src/pins.o
LOAD build/default/debug/mcc_generated_files/system/src/system.o
LOAD build/default/debug/mcc_generated_files/system/src/interrupt.o
LOAD build/default/debug/mcc_generated_files/system/src/config_bits.o
LOAD build/default/debug/mcc_generated_files/system/src/clock.o
LOAD build/default/debug/mcc_generated_files/uart/src/usart2.o
LOAD build/default/debug/main.o
START GROUP
LOAD c:/program files/microchip/xc8/v2.36/avr/bin/../lib/gcc/avr/5.4.0/../../../../avr/lib/avrxmega4/memx-const/mapped\libm.a
END GROUP
                0x0000000000000001                __MPLAB_DEBUG = 0x1
                0x0000000000000001                __DEBUG = 0x1
START GROUP
LOAD c:/program files/microchip/xc8/v2.36/avr/bin/../lib/gcc/avr/5.4.0/avrxmega4/memx-const/mapped\libgcc.a
LOAD c:/program files/microchip/xc8/v2.36/avr/bin/../lib/gcc/avr/5.4.0/../../../../avr/lib/avrxmega4/memx-const/mapped\libm.a
LOAD c:/program files/microchip/xc8/v2.36/avr/bin/../lib/gcc/avr/5.4.0/../../../../avr/lib/avrxmega4/memx-const/mapped\libc.a
LOAD C:/Program Files/Microchip/MPLABX/v6.25/packs/Microchip/AVR-Dx_DFP/2.7.321/xc8/avr/lib/avrxmega4/memx-const/mapped\libavr128db28.a
END GROUP
                [0x0000000000000000]                __TEXT_REGION_ORIGIN__ = DEFINED (__TEXT_REGION_ORIGIN__)?__TEXT_REGION_ORIGIN__:0x0
                [0x0000000000804000]                __DATA_REGION_ORIGIN__ = DEFINED (__DATA_REGION_ORIGIN__)?__DATA_REGION_ORIGIN__:0x802000
                [0x0000000000020000]                __TEXT_REGION_LENGTH__ = DEFINED (__TEXT_REGION_LENGTH__)?__TEXT_REGION_LENGTH__:0x100000
                [0x0000000000004000]                __DATA_REGION_LENGTH__ = DEFINED (__DATA_REGION_LENGTH__)?__DATA_REGION_LENGTH__:0xffa0
                [0x0000000000000200]                __EEPROM_REGION_LENGTH__ = DEFINED (__EEPROM_REGION_LENGTH__)?__EEPROM_REGION_LENGTH__:0x10000
                [0x0000000000000010]                __FUSE_REGION_LENGTH__ = DEFINED (__FUSE_REGION_LENGTH__)?__FUSE_REGION_LENGTH__:0x400
                0x0000000000000400                __LOCK_REGION_LENGTH__ = DEFINED (__LOCK_REGION_LENGTH__)?__LOCK_REGION_LENGTH__:0x400
                0x0000000000000400                __SIGNATURE_REGION_LENGTH__ = DEFINED (__SIGNATURE_REGION_LENGTH__)?__SIGNATURE_REGION_LENGTH__:0x400
                0x0000000000000400                __USER_SIGNATURE_REGION_LENGTH__ = DEFINED (__USER_SIGNATURE_REGION_LENGTH__)?__USER_SIGNATURE_REGION_LENGTH__:0x400

.hash
 *(.hash)

.dynsym
 *(.dynsym)

.dynstr
 *(.dynstr)

.gnu.version
 *(.gnu.version)

.gnu.version_d
 *(.gnu.version_d)

.gnu.version_r
 *(.gnu.version_r)

.rel.init
 *(.rel.init)

.rela.init
 *(.rela.init)

.rel.text
 *(.rel.text)
 *(.rel.text.*)
 *(.rel.gnu.linkonce.t*)

.rela.text
 *(.rela.text)
 *(.rela.text.*)
 *(.rela.gnu.linkonce.t*)

.rel.fini
 *(.rel.fini)

.rela.fini
 *(.rela.fini)

.rel.rodata
 *(.rel.rodata)
 *(.rel.rodata.*)
 *(.rel.gnu.linkonce.r*)

.rela.rodata
 *(.rela.rodata)
 *(.rela.rodata.*)
 *(.rela.gnu.linkonce.r*)

.rel.data
 *(.rel.data)
 *(.rel.data.*)
 *(.rel.gnu.linkonce.d*)

.rela.data
 *(.rela.data)
 *(.rela.data.*)
 *(.rela.gnu.linkonce.d*)

.rel.ctors
 *(.rel.ctors)

.rela.ctors
 *(.rela.ctors)

.rel.dtors
 *(.rel.dtors)

.rela.dtors
 *(.rela.dtors)

.rel.got
 *(.rel.got)

.rela.got
 *(.rela.got)

.rel.bss
 *(.rel.bss)

.rela.bss
 *(.rela.bss)

.rel.plt
 *(.rel.plt)

.rela.plt
 *(.rela.plt)

.text           0x0000000000000000      0x13c
 *(.vectors)
 .vectors       0x0000000000000000       0xa8 C:/Program Files/Microchip/MPLABX/v6.25/packs/Microchip/AVR-Dx_DFP/2.7.321/xc8/avr/lib/avrxmega4/memx-const/mapped/crtavr128db28.o
                0x0000000000000000                __vector_default
                0x0000000000000000                __vectors
 *(.vectors)
 *(.progmem.gcc*)
 *(.dinit)
 .dinit         0x00000000000000a8       0x29 data_init
                0x00000000000000d2                . = ALIGN (0x2)
 *fill*         0x00000000000000d1        0x1 
                0x00000000000000d2                __trampolines_start = .
 *(.trampolines)
 .trampolines   0x00000000000000d2        0x0 linker stubs
 *(.trampolines*)
                0x00000000000000d2                __trampolines_end = .
 *libprintf_flt.a:*(.progmem.data)
 *libc.a:*(.progmem.data)
                0x00000000000000d2                . = ALIGN (0x2)
 *(.jumptables)
 *(.jumptables*)
 *(.lowtext)
 *(.lowtext*)
                0x00000000000000d2                __ctors_start = .
 *(.ctors)
                0x00000000000000d2                __ctors_end = .
                0x00000000000000d2                __dtors_start = .
 *(.dtors)
                0x00000000000000d2                __dtors_end = .
 SORT(*)(.ctors)
 SORT(*)(.dtors)
 *(.init0)
 .init0         0x00000000000000d2        0x0 C:/Program Files/Microchip/MPLABX/v6.25/packs/Microchip/AVR-Dx_DFP/2.7.321/xc8/avr/lib/avrxmega4/memx-const/mapped/crtavr128db28.o
                0x00000000000000d2                __init
 *(.init0)
 *(.init1)
 .init1         0x00000000000000d2       0x12 C:/Program Files/Microchip/MPLABX/v6.25/packs/Microchip/AVR-Dx_DFP/2.7.321/xc8/avr/lib/avrxmega4/memx-const/mapped/crtavr128db28.o
 *(.init1)
 *(.init2)
 .init2         0x00000000000000e4        0xc C:/Program Files/Microchip/MPLABX/v6.25/packs/Microchip/AVR-Dx_DFP/2.7.321/xc8/avr/lib/avrxmega4/memx-const/mapped/crtavr128db28.o
 *(.init2)
 *(.init3)
 *(.init3)
 *(.init4)
 .init4         0x00000000000000f0       0x40 c:/program files/microchip/xc8/v2.36/avr/bin/../lib/gcc/avr/5.4.0/avrxmega4/memx-const/mapped\libgcc.a(_copy_data.o)
                0x00000000000000f0                __do_copy_data
                0x0000000000000122                __do_clear_bss
 *(.init4)
 *(.init5)
 *(.init5)
 *(.init6)
 *(.init6)
 *(.init7)
 *(.init7)
 *(.init8)
 *(.init8)
 *(.init9)
 .init9         0x0000000000000130        0x8 C:/Program Files/Microchip/MPLABX/v6.25/packs/Microchip/AVR-Dx_DFP/2.7.321/xc8/avr/lib/avrxmega4/memx-const/mapped/crtavr128db28.o
 *(.init9)
                0x0000000000000138                . = ALIGN (0x2)
 *(.fini9)
 .fini9         0x0000000000000138        0x0 c:/program files/microchip/xc8/v2.36/avr/bin/../lib/gcc/avr/5.4.0/avrxmega4/memx-const/mapped\libgcc.a(_exit.o)
                0x0000000000000138                _exit
 *(.fini9)
 *(.fini8)
 *(.fini8)
 *(.fini7)
 *(.fini7)
 *(.fini6)
 *(.fini6)
 *(.fini5)
 *(.fini5)
 *(.fini4)
 *(.fini4)
 *(.fini3)
 *(.fini3)
 *(.fini2)
 *(.fini2)
 *(.fini1)
 *(.fini1)
 *(.fini0)
 .fini0         0x0000000000000138        0x4 c:/program files/microchip/xc8/v2.36/avr/bin/../lib/gcc/avr/5.4.0/avrxmega4/memx-const/mapped\libgcc.a(_exit.o)
 *(.fini0)
                0x000000000000013c                _etext = .

.data           0x0000000000804000        0x0 load address 0x000000000000013c
                [!provide]                        PROVIDE (__data_start, .)
 *(.gnu.linkonce.d*)
 *(.gnu.linkonce.r*)
                0x0000000000804000                . = ALIGN (0x2)
                0x0000000000804000                _edata = .
                [!provide]                        PROVIDE (__data_end, .)

.bss            0x0000000000804000        0x2
                [!provide]                        PROVIDE (__bss_start, .)
 *(COMMON)
 COMMON         0x0000000000804000        0x2 c:/program files/microchip/xc8/v2.36/avr/bin/../lib/gcc/avr/5.4.0/../../../../avr/lib/avrxmega4/memx-const/mapped\libc.a(errno.o)
                0x0000000000804000                __errno_val
                [!provide]                        PROVIDE (__bss_end, .)
                0x000000000000013c                __data_load_start = LOADADDR (.data)
                0x000000000000013c                __data_load_end = (__data_load_start + SIZEOF (.data))

.noinit         0x0000000000804002        0x0
                [!provide]                        PROVIDE (__noinit_start, .)
 *(.noinit*)
                [!provide]                        PROVIDE (__noinit_end, .)
                0x0000000000804002                _end = .

.eeprom         0x0000000000810000        0x0
 *(.eeprom*)
                0x0000000000810000                __eeprom_end = .

.fuse           0x0000000000820000        0x9
 *(.fuse)
 .fuse          0x0000000000820000        0x9 build/default/debug/mcc_generated_files/system/src/config_bits.o
                0x0000000000820000                __fuse
 *(.lfuse)
 *(.hfuse)
 *(.efuse)

.lock
 *(.lock*)

.signature
 *(.signature*)

.user_signatures
 *(.user_signatures*)

.stab
 *(.stab)

.stabstr
 *(.stabstr)

.stab.excl
 *(.stab.excl)

.stab.exclstr
 *(.stab.exclstr)

.stab.index
 *(.stab.index)

.stab.indexstr
 *(.stab.indexstr)

.comment        0x0000000000000000       0x2f
 *(.comment)
 .comment       0x0000000000000000       0x2f build/default/debug/mcc_generated_files/i2c_host/src/twi0.o
                                         0x30 (size before relaxing)
 .comment       0x000000000000002f       0x30 build/default/debug/mcc_generated_files/system/src/pins.o
 .comment       0x000000000000002f       0x30 build/default/debug/mcc_generated_files/system/src/system.o
 .comment       0x000000000000002f       0x30 build/default/debug/mcc_generated_files/system/src/interrupt.o
 .comment       0x000000000000002f       0x30 build/default/debug/mcc_generated_files/system/src/config_bits.o
 .comment       0x000000000000002f       0x30 build/default/debug/mcc_generated_files/system/src/clock.o
 .comment       0x000000000000002f       0x30 build/default/debug/mcc_generated_files/uart/src/usart2.o
 .comment       0x000000000000002f       0x30 build/default/debug/main.o
 .comment       0x000000000000002f       0x30 c:/program files/microchip/xc8/v2.36/avr/bin/../lib/gcc/avr/5.4.0/../../../../avr/lib/avrxmega4/memx-const/mapped\libc.a(exit.o)
 .comment       0x000000000000002f       0x30 c:/program files/microchip/xc8/v2.36/avr/bin/../lib/gcc/avr/5.4.0/../../../../avr/lib/avrxmega4/memx-const/mapped\libc.a(__sio_printf_doux.o)
 .comment       0x000000000000002f       0x30 c:/program files/microchip/xc8/v2.36/avr/bin/../lib/gcc/avr/5.4.0/../../../../avr/lib/avrxmega4/memx-const/mapped\libc.a(__fmt_s.o)
 .comment       0x000000000000002f       0x30 c:/program files/microchip/xc8/v2.36/avr/bin/../lib/gcc/avr/5.4.0/../../../../avr/lib/avrxmega4/memx-const/mapped\libc.a(__printf_core.o)
 .comment       0x000000000000002f       0x30 c:/program files/microchip/xc8/v2.36/avr/bin/../lib/gcc/avr/5.4.0/../../../../avr/lib/avrxmega4/memx-const/mapped\libc.a(fputc.o)
 .comment       0x000000000000002f       0x30 c:/program files/microchip/xc8/v2.36/avr/bin/../lib/gcc/avr/5.4.0/../../../../avr/lib/avrxmega4/memx-const/mapped\libc.a(puts.o)
 .comment       0x000000000000002f       0x30 c:/program files/microchip/xc8/v2.36/avr/bin/../lib/gcc/avr/5.4.0/../../../../avr/lib/avrxmega4/memx-const/mapped\libc.a(stdout.o)
 .comment       0x000000000000002f       0x30 c:/program files/microchip/xc8/v2.36/avr/bin/../lib/gcc/avr/5.4.0/../../../../avr/lib/avrxmega4/memx-const/mapped\libc.a(__fmt_d.o)
 .comment       0x000000000000002f       0x30 c:/program files/microchip/xc8/v2.36/avr/bin/../lib/gcc/avr/5.4.0/../../../../avr/lib/avrxmega4/memx-const/mapped\libc.a(__fmt_o.o)
 .comment       0x000000000000002f       0x30 c:/program files/microchip/xc8/v2.36/avr/bin/../lib/gcc/avr/5.4.0/../../../../avr/lib/avrxmega4/memx-const/mapped\libc.a(__fmt_u.o)
 .comment       0x000000000000002f       0x30 c:/program files/microchip/xc8/v2.36/avr/bin/../lib/gcc/avr/5.4.0/../../../../avr/lib/avrxmega4/memx-const/mapped\libc.a(__fmt_x.o)
 .comment       0x000000000000002f       0x30 c:/program files/microchip/xc8/v2.36/avr/bin/../lib/gcc/avr/5.4.0/../../../../avr/lib/avrxmega4/memx-const/mapped\libc.a(__pop_float.o)
 .comment       0x000000000000002f       0x30 c:/program files/microchip/xc8/v2.36/avr/bin/../lib/gcc/avr/5.4.0/../../../../avr/lib/avrxmega4/memx-const/mapped\libc.a(__pop_int.o)
 .comment       0x000000000000002f       0x30 c:/program files/microchip/xc8/v2.36/avr/bin/../lib/gcc/avr/5.4.0/../../../../avr/lib/avrxmega4/memx-const/mapped\libc.a(__pop_ptr.o)
 .comment       0x000000000000002f       0x30 c:/program files/microchip/xc8/v2.36/avr/bin/../lib/gcc/avr/5.4.0/../../../../avr/lib/avrxmega4/memx-const/mapped\libc.a(atoi.o)
 .comment       0x000000000000002f       0x30 c:/program files/microchip/xc8/v2.36/avr/bin/../lib/gcc/avr/5.4.0/../../../../avr/lib/avrxmega4/memx-const/mapped\libc.a(memset.o)
 .comment       0x000000000000002f       0x30 c:/program files/microchip/xc8/v2.36/avr/bin/../lib/gcc/avr/5.4.0/../../../../avr/lib/avrxmega4/memx-const/mapped\libc.a(strlen.o)
 .comment       0x000000000000002f       0x30 c:/program files/microchip/xc8/v2.36/avr/bin/../lib/gcc/avr/5.4.0/../../../../avr/lib/avrxmega4/memx-const/mapped\libc.a(tolower.o)
 .comment       0x000000000000002f       0x30 c:/program files/microchip/xc8/v2.36/avr/bin/../lib/gcc/avr/5.4.0/../../../../avr/lib/avrxmega4/memx-const/mapped\libc.a(toupper.o)
 .comment       0x000000000000002f       0x30 c:/program files/microchip/xc8/v2.36/avr/bin/../lib/gcc/avr/5.4.0/../../../../avr/lib/avrxmega4/memx-const/mapped\libc.a(errno.o)
 .comment       0x000000000000002f       0x30 c:/program files/microchip/xc8/v2.36/avr/bin/../lib/gcc/avr/5.4.0/../../../../avr/lib/avrxmega4/memx-const/mapped\libc.a(_Exit.o)
 .comment       0x000000000000002f       0x30 c:/program files/microchip/xc8/v2.36/avr/bin/../lib/gcc/avr/5.4.0/../../../../avr/lib/avrxmega4/memx-const/mapped\libc.a(__int_vfprintf.o)
 .comment       0x000000000000002f       0x30 c:/program files/microchip/xc8/v2.36/avr/bin/../lib/gcc/avr/5.4.0/../../../../avr/lib/avrxmega4/memx-const/mapped\libc.a(fputs.o)

.note.GNU-stack
                0x0000000000000000        0x0
 .note.GNU-stack
                0x0000000000000000        0x0 c:/program files/microchip/xc8/v2.36/avr/bin/../lib/gcc/avr/5.4.0/../../../../avr/lib/avrxmega4/memx-const/mapped\libc.a(exit.o)
 .note.GNU-stack
                0x0000000000000000        0x0 c:/program files/microchip/xc8/v2.36/avr/bin/../lib/gcc/avr/5.4.0/../../../../avr/lib/avrxmega4/memx-const/mapped\libc.a(__sio_printf_doux.o)
 .note.GNU-stack
                0x0000000000000000        0x0 c:/program files/microchip/xc8/v2.36/avr/bin/../lib/gcc/avr/5.4.0/../../../../avr/lib/avrxmega4/memx-const/mapped\libc.a(__fmt_s.o)
 .note.GNU-stack
                0x0000000000000000        0x0 c:/program files/microchip/xc8/v2.36/avr/bin/../lib/gcc/avr/5.4.0/../../../../avr/lib/avrxmega4/memx-const/mapped\libc.a(__printf_core.o)
 .note.GNU-stack
                0x0000000000000000        0x0 c:/program files/microchip/xc8/v2.36/avr/bin/../lib/gcc/avr/5.4.0/../../../../avr/lib/avrxmega4/memx-const/mapped\libc.a(fputc.o)
 .note.GNU-stack
                0x0000000000000000        0x0 c:/program files/microchip/xc8/v2.36/avr/bin/../lib/gcc/avr/5.4.0/../../../../avr/lib/avrxmega4/memx-const/mapped\libc.a(puts.o)
 .note.GNU-stack
                0x0000000000000000        0x0 c:/program files/microchip/xc8/v2.36/avr/bin/../lib/gcc/avr/5.4.0/../../../../avr/lib/avrxmega4/memx-const/mapped\libc.a(stdout.o)
 .note.GNU-stack
                0x0000000000000000        0x0 c:/program files/microchip/xc8/v2.36/avr/bin/../lib/gcc/avr/5.4.0/../../../../avr/lib/avrxmega4/memx-const/mapped\libc.a(__fmt_d.o)
 .note.GNU-stack
                0x0000000000000000        0x0 c:/program files/microchip/xc8/v2.36/avr/bin/../lib/gcc/avr/5.4.0/../../../../avr/lib/avrxmega4/memx-const/mapped\libc.a(__fmt_o.o)
 .note.GNU-stack
                0x0000000000000000        0x0 c:/program files/microchip/xc8/v2.36/avr/bin/../lib/gcc/avr/5.4.0/../../../../avr/lib/avrxmega4/memx-const/mapped\libc.a(__fmt_u.o)
 .note.GNU-stack
                0x0000000000000000        0x0 c:/program files/microchip/xc8/v2.36/avr/bin/../lib/gcc/avr/5.4.0/../../../../avr/lib/avrxmega4/memx-const/mapped\libc.a(__fmt_x.o)
 .note.GNU-stack
                0x0000000000000000        0x0 c:/program files/microchip/xc8/v2.36/avr/bin/../lib/gcc/avr/5.4.0/../../../../avr/lib/avrxmega4/memx-const/mapped\libc.a(__pop_float.o)
 .note.GNU-stack
                0x0000000000000000        0x0 c:/program files/microchip/xc8/v2.36/avr/bin/../lib/gcc/avr/5.4.0/../../../../avr/lib/avrxmega4/memx-const/mapped\libc.a(__pop_int.o)
 .note.GNU-stack
                0x0000000000000000        0x0 c:/program files/microchip/xc8/v2.36/avr/bin/../lib/gcc/avr/5.4.0/../../../../avr/lib/avrxmega4/memx-const/mapped\libc.a(__pop_ptr.o)
 .note.GNU-stack
                0x0000000000000000        0x0 c:/program files/microchip/xc8/v2.36/avr/bin/../lib/gcc/avr/5.4.0/../../../../avr/lib/avrxmega4/memx-const/mapped\libc.a(atoi.o)
 .note.GNU-stack
                0x0000000000000000        0x0 c:/program files/microchip/xc8/v2.36/avr/bin/../lib/gcc/avr/5.4.0/../../../../avr/lib/avrxmega4/memx-const/mapped\libc.a(memset.o)
 .note.GNU-stack
                0x0000000000000000        0x0 c:/program files/microchip/xc8/v2.36/avr/bin/../lib/gcc/avr/5.4.0/../../../../avr/lib/avrxmega4/memx-const/mapped\libc.a(strlen.o)
 .note.GNU-stack
                0x0000000000000000        0x0 c:/program files/microchip/xc8/v2.36/avr/bin/../lib/gcc/avr/5.4.0/../../../../avr/lib/avrxmega4/memx-const/mapped\libc.a(tolower.o)
 .note.GNU-stack
                0x0000000000000000        0x0 c:/program files/microchip/xc8/v2.36/avr/bin/../lib/gcc/avr/5.4.0/../../../../avr/lib/avrxmega4/memx-const/mapped\libc.a(toupper.o)
 .note.GNU-stack
                0x0000000000000000        0x0 c:/program files/microchip/xc8/v2.36/avr/bin/../lib/gcc/avr/5.4.0/../../../../avr/lib/avrxmega4/memx-const/mapped\libc.a(errno.o)
 .note.GNU-stack
                0x0000000000000000        0x0 c:/program files/microchip/xc8/v2.36/avr/bin/../lib/gcc/avr/5.4.0/../../../../avr/lib/avrxmega4/memx-const/mapped\libc.a(_Exit.o)
 .note.GNU-stack
                0x0000000000000000        0x0 c:/program files/microchip/xc8/v2.36/avr/bin/../lib/gcc/avr/5.4.0/../../../../avr/lib/avrxmega4/memx-const/mapped\libc.a(__int_vfprintf.o)
 .note.GNU-stack
                0x0000000000000000        0x0 c:/program files/microchip/xc8/v2.36/avr/bin/../lib/gcc/avr/5.4.0/../../../../avr/lib/avrxmega4/memx-const/mapped\libc.a(fputs.o)

.stack.descriptors.hdr
                0x0000000000000000       0x54
 .stack.descriptors.hdr
                0x0000000000000000        0xe c:/program files/microchip/xc8/v2.36/avr/bin/../lib/gcc/avr/5.4.0/avrxmega4/memx-const/mapped\libgcc.a(_exit.o)
 .stack.descriptors.hdr
                0x000000000000000e        0xe c:/program files/microchip/xc8/v2.36/avr/bin/../lib/gcc/avr/5.4.0/avrxmega4/memx-const/mapped\libgcc.a(_udivdi3.o)
 .stack.descriptors.hdr
                0x000000000000001c        0xe c:/program files/microchip/xc8/v2.36/avr/bin/../lib/gcc/avr/5.4.0/avrxmega4/memx-const/mapped\libgcc.a(_udivmod64.o)
 .stack.descriptors.hdr
                0x000000000000002a        0xe c:/program files/microchip/xc8/v2.36/avr/bin/../lib/gcc/avr/5.4.0/avrxmega4/memx-const/mapped\libgcc.a(_negdi2.o)
 .stack.descriptors.hdr
                0x0000000000000038        0xe c:/program files/microchip/xc8/v2.36/avr/bin/../lib/gcc/avr/5.4.0/avrxmega4/memx-const/mapped\libgcc.a(_ashrdi3.o)
 .stack.descriptors.hdr
                0x0000000000000046        0xe c:/program files/microchip/xc8/v2.36/avr/bin/../lib/gcc/avr/5.4.0/avrxmega4/memx-const/mapped\libgcc.a(_cmpdi2_s8.o)

.note.gnu.build-id
 *(.note.gnu.build-id)

.debug
 *(.debug)

.line
 *(.line)

.debug_srcinfo
 *(.debug_srcinfo)

.debug_sfnames
 *(.debug_sfnames)

.debug_aranges  0x0000000000000000      0x320
 *(.debug_aranges)
 .debug_aranges
                0x0000000000000000       0xa8 build/default/debug/mcc_generated_files/i2c_host/src/twi0.o
 .debug_aranges
                0x00000000000000a8       0x20 build/default/debug/mcc_generated_files/system/src/protected_io.o
 .debug_aranges
                0x00000000000000c8       0xc0 build/default/debug/mcc_generated_files/system/src/pins.o
 .debug_aranges
                0x0000000000000188       0x20 build/default/debug/mcc_generated_files/system/src/system.o
 .debug_aranges
                0x00000000000001a8       0x20 build/default/debug/mcc_generated_files/system/src/interrupt.o
 .debug_aranges
                0x00000000000001c8       0x18 build/default/debug/mcc_generated_files/system/src/config_bits.o
 .debug_aranges
                0x00000000000001e0       0x30 build/default/debug/mcc_generated_files/system/src/clock.o
 .debug_aranges
                0x0000000000000210       0xe0 build/default/debug/mcc_generated_files/uart/src/usart2.o
 .debug_aranges
                0x00000000000002f0       0x30 build/default/debug/main.o

.debug_pubnames
 *(.debug_pubnames)

.debug_info     0x0000000000000000     0x79fd
 *(.debug_info .gnu.linkonce.wi.*)
 .debug_info    0x0000000000000000     0x272b C:/Program Files/Microchip/MPLABX/v6.25/packs/Microchip/AVR-Dx_DFP/2.7.321/xc8/avr/lib/avrxmega4/memx-const/mapped/crtavr128db28.o
 .debug_info    0x000000000000272b      0xf40 build/default/debug/mcc_generated_files/i2c_host/src/twi0.o
 .debug_info    0x000000000000366b       0xb2 build/default/debug/mcc_generated_files/system/src/protected_io.o
 .debug_info    0x000000000000371d      0xced build/default/debug/mcc_generated_files/system/src/pins.o
 .debug_info    0x000000000000440a      0x368 build/default/debug/mcc_generated_files/system/src/system.o
 .debug_info    0x0000000000004772      0x439 build/default/debug/mcc_generated_files/system/src/interrupt.o
 .debug_info    0x0000000000004bab      0x8e5 build/default/debug/mcc_generated_files/system/src/config_bits.o
 .debug_info    0x0000000000005490      0xf40 build/default/debug/mcc_generated_files/system/src/clock.o
 .debug_info    0x00000000000063d0      0xf8d build/default/debug/mcc_generated_files/uart/src/usart2.o
 .debug_info    0x000000000000735d      0x6a0 build/default/debug/main.o

.debug_abbrev   0x0000000000000000     0x30fd
 *(.debug_abbrev)
 .debug_abbrev  0x0000000000000000     0x2518 C:/Program Files/Microchip/MPLABX/v6.25/packs/Microchip/AVR-Dx_DFP/2.7.321/xc8/avr/lib/avrxmega4/memx-const/mapped/crtavr128db28.o
 .debug_abbrev  0x0000000000002518      0x2b0 build/default/debug/mcc_generated_files/i2c_host/src/twi0.o
 .debug_abbrev  0x00000000000027c8       0x14 build/default/debug/mcc_generated_files/system/src/protected_io.o
 .debug_abbrev  0x00000000000027dc      0x162 build/default/debug/mcc_generated_files/system/src/pins.o
 .debug_abbrev  0x000000000000293e       0x58 build/default/debug/mcc_generated_files/system/src/system.o
 .debug_abbrev  0x0000000000002996       0xfa build/default/debug/mcc_generated_files/system/src/interrupt.o
 .debug_abbrev  0x0000000000002a90       0x97 build/default/debug/mcc_generated_files/system/src/config_bits.o
 .debug_abbrev  0x0000000000002b27      0x135 build/default/debug/mcc_generated_files/system/src/clock.o
 .debug_abbrev  0x0000000000002c5c      0x2d7 build/default/debug/mcc_generated_files/uart/src/usart2.o
 .debug_abbrev  0x0000000000002f33      0x1ca build/default/debug/main.o

.debug_line     0x0000000000000000     0x19f4
 *(.debug_line .debug_line.* .debug_line_end)
 .debug_line    0x0000000000000000      0x1ce C:/Program Files/Microchip/MPLABX/v6.25/packs/Microchip/AVR-Dx_DFP/2.7.321/xc8/avr/lib/avrxmega4/memx-const/mapped/crtavr128db28.o
 .debug_line    0x00000000000001ce      0x5d7 build/default/debug/mcc_generated_files/i2c_host/src/twi0.o
 .debug_line    0x00000000000007a5       0x73 build/default/debug/mcc_generated_files/system/src/protected_io.o
 .debug_line    0x0000000000000818      0x489 build/default/debug/mcc_generated_files/system/src/pins.o
 .debug_line    0x0000000000000ca1      0x131 build/default/debug/mcc_generated_files/system/src/system.o
 .debug_line    0x0000000000000dd2      0x19c build/default/debug/mcc_generated_files/system/src/interrupt.o
 .debug_line    0x0000000000000f6e      0x103 build/default/debug/mcc_generated_files/system/src/config_bits.o
 .debug_line    0x0000000000001071      0x1d0 build/default/debug/mcc_generated_files/system/src/clock.o
 .debug_line    0x0000000000001241      0x505 build/default/debug/mcc_generated_files/uart/src/usart2.o
 .debug_line    0x0000000000001746      0x2ae build/default/debug/main.o

.debug_frame    0x0000000000000000      0x710
 *(.debug_frame)
 .debug_frame   0x0000000000000000      0x21c build/default/debug/mcc_generated_files/i2c_host/src/twi0.o
 .debug_frame   0x000000000000021c      0x248 build/default/debug/mcc_generated_files/system/src/pins.o
 .debug_frame   0x0000000000000464       0x24 build/default/debug/mcc_generated_files/system/src/system.o
 .debug_frame   0x0000000000000488       0x24 build/default/debug/mcc_generated_files/system/src/interrupt.o
 .debug_frame   0x00000000000004ac       0x44 build/default/debug/mcc_generated_files/system/src/clock.o
 .debug_frame   0x00000000000004f0      0x1ac build/default/debug/mcc_generated_files/uart/src/usart2.o
 .debug_frame   0x000000000000069c       0x74 build/default/debug/main.o

.debug_str      0x0000000000000000     0x125f
 *(.debug_str)
 .debug_str     0x0000000000000000     0x111e C:/Program Files/Microchip/MPLABX/v6.25/packs/Microchip/AVR-Dx_DFP/2.7.321/xc8/avr/lib/avrxmega4/memx-const/mapped/crtavr128db28.o
 .debug_str     0x000000000000111e       0x42 build/default/debug/mcc_generated_files/i2c_host/src/twi0.o
 .debug_str     0x0000000000001160       0x30 build/default/debug/mcc_generated_files/system/src/pins.o
 .debug_str     0x0000000000001190       0x5c build/default/debug/mcc_generated_files/system/src/system.o
 .debug_str     0x00000000000011ec       0x13 build/default/debug/mcc_generated_files/system/src/interrupt.o
 .debug_str     0x00000000000011ff        0x0 build/default/debug/mcc_generated_files/system/src/config_bits.o
 .debug_str     0x00000000000011ff       0x13 build/default/debug/mcc_generated_files/system/src/clock.o
 .debug_str     0x0000000000001212       0x10 build/default/debug/mcc_generated_files/uart/src/usart2.o
 .debug_str     0x0000000000001222       0x3d build/default/debug/main.o

.debug_loc      0x0000000000000000      0x7e4
 *(.debug_loc)
 .debug_loc     0x0000000000000000      0x35b build/default/debug/mcc_generated_files/i2c_host/src/twi0.o
 .debug_loc     0x000000000000035b       0x2a build/default/debug/mcc_generated_files/system/src/interrupt.o
 .debug_loc     0x0000000000000385      0x23a build/default/debug/mcc_generated_files/system/src/clock.o
 .debug_loc     0x00000000000005bf       0x9e build/default/debug/mcc_generated_files/uart/src/usart2.o
 .debug_loc     0x000000000000065d      0x187 build/default/debug/main.o

.debug_macinfo
 *(.debug_macinfo)

.debug_weaknames
 *(.debug_weaknames)

.debug_funcnames
 *(.debug_funcnames)

.debug_typenames
 *(.debug_typenames)

.debug_varnames
 *(.debug_varnames)

.debug_pubtypes
 *(.debug_pubtypes)

.debug_ranges   0x0000000000000000      0x278
 *(.debug_ranges)
 .debug_ranges  0x0000000000000000       0x98 build/default/debug/mcc_generated_files/i2c_host/src/twi0.o
 .debug_ranges  0x0000000000000098       0xb0 build/default/debug/mcc_generated_files/system/src/pins.o
 .debug_ranges  0x0000000000000148       0x10 build/default/debug/mcc_generated_files/system/src/system.o
 .debug_ranges  0x0000000000000158       0x10 build/default/debug/mcc_generated_files/system/src/interrupt.o
 .debug_ranges  0x0000000000000168       0x20 build/default/debug/mcc_generated_files/system/src/clock.o
 .debug_ranges  0x0000000000000188       0xd0 build/default/debug/mcc_generated_files/uart/src/usart2.o
 .debug_ranges  0x0000000000000258       0x20 build/default/debug/main.o

.debug_macro
 *(.debug_macro)
OUTPUT(dist/default/debug/I2C_MASTER_AVR28_V1.X.debug.elf elf32-avr)
LOAD linker stubs
LOAD data_init

.note.gnu.avr.deviceinfo
                0x0000000000000000       0x40
 .note.gnu.avr.deviceinfo
                0x0000000000000000       0x40 C:/Program Files/Microchip/MPLABX/v6.25/packs/Microchip/AVR-Dx_DFP/2.7.321/xc8/avr/lib/avrxmega4/memx-const/mapped/crtavr128db28.o

.bss.twi0_Status
                0x0000000000804028        0xe
 .bss.twi0_Status
                0x0000000000804028        0xe build/default/debug/mcc_generated_files/i2c_host/src/twi0.o
                0x0000000000804028                twi0_Status

.bss.TWI0_Callback
                0x0000000000804043        0x2
 .bss.TWI0_Callback
                0x0000000000804043        0x2 build/default/debug/mcc_generated_files/i2c_host/src/twi0.o

.bss.DEBUG_LED_InterruptHandler
                0x0000000000804045        0x2
 .bss.DEBUG_LED_InterruptHandler
                0x0000000000804045        0x2 build/default/debug/mcc_generated_files/system/src/pins.o

.bss.uC_LEDHOOG_InterruptHandler
                0x0000000000804047        0x2
 .bss.uC_LEDHOOG_InterruptHandler
                0x0000000000804047        0x2 build/default/debug/mcc_generated_files/system/src/pins.o

.bss.SW0_HOOG_InterruptHandler
                0x0000000000804049        0x2
 .bss.SW0_HOOG_InterruptHandler
                0x0000000000804049        0x2 build/default/debug/mcc_generated_files/system/src/pins.o

.bss.SW0_InterruptHandler
                0x000000000080404b        0x2
 .bss.SW0_InterruptHandler
                0x000000000080404b        0x2 build/default/debug/mcc_generated_files/system/src/pins.o

.bss.IO_PA2_InterruptHandler
                0x000000000080404d        0x2
 .bss.IO_PA2_InterruptHandler
                0x000000000080404d        0x2 build/default/debug/mcc_generated_files/system/src/pins.o

.bss.IO_PA3_InterruptHandler
                0x000000000080404f        0x2
 .bss.IO_PA3_InterruptHandler
                0x000000000080404f        0x2 build/default/debug/mcc_generated_files/system/src/pins.o

.bss.IO_PF0_InterruptHandler
                0x0000000000804051        0x2
 .bss.IO_PF0_InterruptHandler
                0x0000000000804051        0x2 build/default/debug/mcc_generated_files/system/src/pins.o

.bss.IO_PF1_InterruptHandler
                0x0000000000804053        0x2
 .bss.IO_PF1_InterruptHandler
                0x0000000000804053        0x2 build/default/debug/mcc_generated_files/system/src/pins.o

.bss.USART2_ParityErrorHandler
                0x0000000000804055        0x2
 .bss.USART2_ParityErrorHandler
                0x0000000000804055        0x2 build/default/debug/mcc_generated_files/uart/src/usart2.o

.bss.USART2_OverrunErrorHandler
                0x0000000000804057        0x2
 .bss.USART2_OverrunErrorHandler
                0x0000000000804057        0x2 build/default/debug/mcc_generated_files/uart/src/usart2.o

.bss.USART2_FramingErrorHandler
                0x0000000000804059        0x2
 .bss.USART2_FramingErrorHandler
                0x0000000000804059        0x2 build/default/debug/mcc_generated_files/uart/src/usart2.o

.bss.usart2RxLastError
                0x000000000080405b        0x2
 .bss.usart2RxLastError
                0x000000000080405b        0x2 build/default/debug/mcc_generated_files/uart/src/usart2.o

.bss.__stdout   0x000000000080405f        0x2
 .bss.__stdout  0x000000000080405f        0x2 c:/program files/microchip/xc8/v2.36/avr/bin/../lib/gcc/avr/5.4.0/../../../../avr/lib/avrxmega4/memx-const/mapped\libc.a(stdout.o)

.rodata         0x000000000080813c       0x67 load address 0x000000000000013c
 .rodata        0x000000000080813c       0x67 build/default/debug/main.o

.rodata.twi0_eventTable
                0x00000000008081a3       0x12 load address 0x00000000000001a3
 .rodata.twi0_eventTable
                0x00000000008081a3       0x12 build/default/debug/mcc_generated_files/i2c_host/src/twi0.o
                0x00000000008081a3                twi0_eventTable

.text.__printf_core
                0x00000000000001b6      0x734
 .text.__printf_core
                0x00000000000001b6      0x734 c:/program files/microchip/xc8/v2.36/avr/bin/../lib/gcc/avr/5.4.0/../../../../avr/lib/avrxmega4/memx-const/mapped\libc.a(__printf_core.o)
                0x00000000000001b6                __printf_core

.text.__fmt_x   0x00000000000008ea      0x280
 .text.__fmt_x  0x00000000000008ea      0x280 c:/program files/microchip/xc8/v2.36/avr/bin/../lib/gcc/avr/5.4.0/../../../../avr/lib/avrxmega4/memx-const/mapped\libc.a(__fmt_x.o)
                0x00000000000008ea                __fmt_x_needed
                0x00000000000008ea                __fmt_x

.text.__fmt_d   0x0000000000000b6a      0x17e
 .text.__fmt_d  0x0000000000000b6a      0x17e c:/program files/microchip/xc8/v2.36/avr/bin/../lib/gcc/avr/5.4.0/../../../../avr/lib/avrxmega4/memx-const/mapped\libc.a(__fmt_d.o)
                0x0000000000000b6a                __fmt_d
                0x0000000000000b6a                __fmt_d_needed

.text.__pop_int
                0x0000000000000ce8      0x172
 .text.__pop_int
                0x0000000000000ce8      0x172 c:/program files/microchip/xc8/v2.36/avr/bin/../lib/gcc/avr/5.4.0/../../../../avr/lib/avrxmega4/memx-const/mapped\libc.a(__pop_int.o)
                0x0000000000000ce8                __pop_int_needed
                0x0000000000000ce8                __pop_int

.text.__cvt_u   0x0000000000000e5a      0x14a
 .text.__cvt_u  0x0000000000000e5a      0x14a c:/program files/microchip/xc8/v2.36/avr/bin/../lib/gcc/avr/5.4.0/../../../../avr/lib/avrxmega4/memx-const/mapped\libc.a(__fmt_u.o)
                0x0000000000000e5a                __cvt_u

.text.PIN_MANAGER_Initialize
                0x0000000000000fa4      0x116
 .text.PIN_MANAGER_Initialize
                0x0000000000000fa4      0x116 build/default/debug/mcc_generated_files/system/src/pins.o
                0x0000000000000fa4                PIN_MANAGER_Initialize

.text.__vector_19
                0x00000000000010ba      0x10e
 .text.__vector_19
                0x00000000000010ba      0x10e build/default/debug/mcc_generated_files/i2c_host/src/twi0.o
                0x00000000000010ba                __vector_19

.text.__pop_ptr
                0x00000000000011c8       0xd8
 .text.__pop_ptr
                0x00000000000011c8       0xd8 c:/program files/microchip/xc8/v2.36/avr/bin/../lib/gcc/avr/5.4.0/../../../../avr/lib/avrxmega4/memx-const/mapped\libc.a(__pop_ptr.o)
                0x00000000000011c8                __pop_ptr
                0x00000000000011c8                __pop_ptr_needed

.text.__fmt_o   0x00000000000012a0       0xd2
 .text.__fmt_o  0x00000000000012a0       0xd2 c:/program files/microchip/xc8/v2.36/avr/bin/../lib/gcc/avr/5.4.0/../../../../avr/lib/avrxmega4/memx-const/mapped\libc.a(__fmt_o.o)
                0x00000000000012a0                __fmt_o
                0x00000000000012a0                __fmt_o_needed

.text.__fmt_u   0x0000000000001372       0xae
 .text.__fmt_u  0x0000000000001372       0xae c:/program files/microchip/xc8/v2.36/avr/bin/../lib/gcc/avr/5.4.0/../../../../avr/lib/avrxmega4/memx-const/mapped\libc.a(__fmt_u.o)
                0x0000000000001372                __fmt_u_needed
                0x0000000000001372                __fmt_u

.text.__pad     0x0000000000001420       0xa4
 .text.__pad    0x0000000000001420       0xa4 c:/program files/microchip/xc8/v2.36/avr/bin/../lib/gcc/avr/5.4.0/../../../../avr/lib/avrxmega4/memx-const/mapped\libc.a(__printf_core.o)
                0x0000000000001420                __pad

.text.libgcc.div
                0x00000000000014c4       0xa2
 .text.libgcc.div
                0x00000000000014c4       0xa2 c:/program files/microchip/xc8/v2.36/avr/bin/../lib/gcc/avr/5.4.0/avrxmega4/memx-const/mapped\libgcc.a(_udivmod64.o)
                0x00000000000014c4                __udivmod64

.text.I2C_EVENT_RX
                0x0000000000001566       0x9a
 .text.I2C_EVENT_RX
                0x0000000000001566       0x9a build/default/debug/mcc_generated_files/i2c_host/src/twi0.o

.text.__vector_8
                0x0000000000001600       0x96
 .text.__vector_8
                0x0000000000001600       0x96 build/default/debug/mcc_generated_files/system/src/pins.o
                0x0000000000001600                __vector_8

.text.fputc     0x0000000000001696       0x92
 .text.fputc    0x0000000000001696       0x92 c:/program files/microchip/xc8/v2.36/avr/bin/../lib/gcc/avr/5.4.0/../../../../avr/lib/avrxmega4/memx-const/mapped\libc.a(fputc.o)
                0x0000000000001696                fputc
                0x0000000000001696                putc

.text.CLOCK_Initialize
                0x0000000000001728       0x90
 .text.CLOCK_Initialize
                0x0000000000001728       0x90 build/default/debug/mcc_generated_files/system/src/clock.o
                0x0000000000001728                CLOCK_Initialize

.text.main      0x00000000000017b8       0x8a
 .text.main     0x00000000000017b8       0x8a build/default/debug/main.o
                0x00000000000017b8                main

.text.atoi      0x0000000000001842       0x72
 .text.atoi     0x0000000000001842       0x72 c:/program files/microchip/xc8/v2.36/avr/bin/../lib/gcc/avr/5.4.0/../../../../avr/lib/avrxmega4/memx-const/mapped\libc.a(atoi.o)
                0x0000000000001842                atoi

.text.__vector_35
                0x00000000000018b4       0x6c
 .text.__vector_35
                0x00000000000018b4       0x6c build/default/debug/mcc_generated_files/system/src/pins.o
                0x00000000000018b4                __vector_35

.text.__fmt_s   0x0000000000001920       0x68
 .text.__fmt_s  0x0000000000001920       0x68 c:/program files/microchip/xc8/v2.36/avr/bin/../lib/gcc/avr/5.4.0/../../../../avr/lib/avrxmega4/memx-const/mapped\libc.a(__fmt_s.o)
                0x0000000000001920                __fmt_s
                0x0000000000001920                __fmt_0_needed
                0x0000000000001920                __fmt_s_needed

.text.__vector_24
                0x0000000000001988       0x5e
 .text.__vector_24
                0x0000000000001988       0x5e build/default/debug/mcc_generated_files/system/src/pins.o
                0x0000000000001988                __vector_24

.text.fputs     0x00000000000019e6       0x5e
 .text.fputs    0x00000000000019e6       0x5e c:/program files/microchip/xc8/v2.36/avr/bin/../lib/gcc/avr/5.4.0/../../../../avr/lib/avrxmega4/memx-const/mapped\libc.a(fputs.o)
                0x00000000000019e6                fputs
                0x00000000000019e6                fputs_unlocked

.text.TWI0_Read
                0x0000000000001a44       0x5c
 .text.TWI0_Read
                0x0000000000001a44       0x5c build/default/debug/mcc_generated_files/i2c_host/src/twi0.o
                0x0000000000001a44                TWI0_Read

.text.TWI0_Write
                0x0000000000001aa0       0x5c
 .text.TWI0_Write
                0x0000000000001aa0       0x5c build/default/debug/mcc_generated_files/i2c_host/src/twi0.o
                0x0000000000001aa0                TWI0_Write

.text.USART2_Initialize
                0x0000000000001afc       0x5c
 .text.USART2_Initialize
                0x0000000000001afc       0x5c build/default/debug/mcc_generated_files/uart/src/usart2.o
                0x0000000000001afc                USART2_Initialize

.text.masterReceive
                0x0000000000001b58       0x56
 .text.masterReceive
                0x0000000000001b58       0x56 build/default/debug/main.o
                0x0000000000001b58                masterReceive

.text.masterSend
                0x0000000000001bae       0x54
 .text.masterSend
                0x0000000000001bae       0x54 build/default/debug/main.o
                0x0000000000001bae                masterSend

.text.I2C_EVENT_TX
                0x0000000000001c02       0x48
 .text.I2C_EVENT_TX
                0x0000000000001c02       0x48 build/default/debug/mcc_generated_files/i2c_host/src/twi0.o

.text.__fmt_state
                0x0000000000001c4a       0x40
 .text.__fmt_state
                0x0000000000001c4a       0x40 c:/program files/microchip/xc8/v2.36/avr/bin/../lib/gcc/avr/5.4.0/../../../../avr/lib/avrxmega4/memx-const/mapped\libc.a(__printf_core.o)
                0x0000000000001c4a                __fmt_state

.text.__pop_float
                0x0000000000001c8a       0x40
 .text.__pop_float
                0x0000000000001c8a       0x40 c:/program files/microchip/xc8/v2.36/avr/bin/../lib/gcc/avr/5.4.0/../../../../avr/lib/avrxmega4/memx-const/mapped\libc.a(__pop_float.o)
                0x0000000000001c8a                __pop_float_needed
                0x0000000000001c8a                __pop_float

.text.I2C_EVENT_STOP
                0x0000000000001cca       0x3c
 .text.I2C_EVENT_STOP
                0x0000000000001cca       0x3c build/default/debug/mcc_generated_files/i2c_host/src/twi0.o

.text.libgcc.builtins
                0x0000000000001d06       0x3c
 .text.libgcc.builtins
                0x0000000000001d06       0x3c c:/program files/microchip/xc8/v2.36/avr/bin/../lib/gcc/avr/5.4.0/avrxmega4/memx-const/mapped\libgcc.a(_ashrdi3.o)
                0x0000000000001d06                __ashrdi3
                0x0000000000001d0a                __lshrdi3

.text.__out     0x0000000000001d42       0x3a
 .text.__out    0x0000000000001d42       0x3a c:/program files/microchip/xc8/v2.36/avr/bin/../lib/gcc/avr/5.4.0/../../../../avr/lib/avrxmega4/memx-const/mapped\libc.a(__printf_core.o)
                0x0000000000001d42                __out

.text.libgcc.prologue
                0x0000000000001d7c       0x32
 .text.libgcc.prologue
                0x0000000000001d7c       0x32 c:/program files/microchip/xc8/v2.36/avr/bin/../lib/gcc/avr/5.4.0/avrxmega4/memx-const/mapped\libgcc.a(_prologue.o)
                0x0000000000001d7c                __prologue_saves__

.text.__wrap_printf
                0x0000000000001dae       0x30
 .text.__wrap_printf
                0x0000000000001dae       0x30 c:/program files/microchip/xc8/v2.36/avr/bin/../lib/gcc/avr/5.4.0/../../../../avr/lib/avrxmega4/memx-const/mapped\libc.a(__sio_printf_doux.o)
                0x0000000000001dae                _printf_cdnopuxX

.text.__vfprintf
                0x0000000000001dde       0x30
 .text.__vfprintf
                0x0000000000001dde       0x30 c:/program files/microchip/xc8/v2.36/avr/bin/../lib/gcc/avr/5.4.0/../../../../avr/lib/avrxmega4/memx-const/mapped\libc.a(__int_vfprintf.o)
                0x0000000000001dde                __vfprintf

.text.libgcc.prologue
                0x0000000000001e0e       0x30
 .text.libgcc.prologue
                0x0000000000001e0e       0x30 c:/program files/microchip/xc8/v2.36/avr/bin/../lib/gcc/avr/5.4.0/avrxmega4/memx-const/mapped\libgcc.a(_epilogue.o)
                0x0000000000001e0e                __epilogue_restores__

.text.TWI0_Initialize
                0x0000000000001e3e       0x2c
 .text.TWI0_Initialize
                0x0000000000001e3e       0x2c build/default/debug/mcc_generated_files/i2c_host/src/twi0.o
                0x0000000000001e3e                TWI0_Initialize

.text.libgcc    0x0000000000001e6a       0x20
 .text.libgcc   0x0000000000001e6a       0x20 c:/program files/microchip/xc8/v2.36/avr/bin/../lib/gcc/avr/5.4.0/avrxmega4/memx-const/mapped\libgcc.a(_negdi2.o)
                0x0000000000001e6a                __negdi2

.text.TWI0_IsBusy
                0x0000000000001e8a       0x1e
 .text.TWI0_IsBusy
                0x0000000000001e8a       0x1e build/default/debug/mcc_generated_files/i2c_host/src/twi0.o
                0x0000000000001e8a                TWI0_IsBusy

.text.strlen    0x0000000000001ea8       0x1c
 .text.strlen   0x0000000000001ea8       0x1c c:/program files/microchip/xc8/v2.36/avr/bin/../lib/gcc/avr/5.4.0/../../../../avr/lib/avrxmega4/memx-const/mapped\libc.a(strlen.o)
                0x0000000000001ea8                strlen

.text.libgcc.div
                0x0000000000001ec4       0x1c
 .text.libgcc.div
                0x0000000000001ec4       0x1c c:/program files/microchip/xc8/v2.36/avr/bin/../lib/gcc/avr/5.4.0/avrxmega4/memx-const/mapped\libgcc.a(_udivdi3.o)
                0x0000000000001ec4                __umoddi3
                0x0000000000001ec8                __udivdi3
                0x0000000000001eca                __udivdi3_umoddi3

.text.CPUINT_Initialize
                0x0000000000001ee0       0x1a
 .text.CPUINT_Initialize
                0x0000000000001ee0       0x1a build/default/debug/mcc_generated_files/system/src/interrupt.o
                0x0000000000001ee0                CPUINT_Initialize

.text.I2C_EVENT_RESET
                0x0000000000001efa       0x18
 .text.I2C_EVENT_RESET
                0x0000000000001efa       0x18 build/default/debug/mcc_generated_files/i2c_host/src/twi0.o

.text.USART2_printCHAR
                0x0000000000001f12       0x18
 .text.USART2_printCHAR
                0x0000000000001f12       0x18 build/default/debug/mcc_generated_files/uart/src/usart2.o
                0x0000000000001f12                USART2_printCHAR

.text.libgcc    0x0000000000001f2a       0x18
 .text.libgcc   0x0000000000001f2a       0x18 c:/program files/microchip/xc8/v2.36/avr/bin/../lib/gcc/avr/5.4.0/avrxmega4/memx-const/mapped\libgcc.a(_cmpdi2_s8.o)
                0x0000000000001f2a                __cmpdi2_s8

.text.SYSTEM_Initialize
                0x0000000000001f42       0x16
 .text.SYSTEM_Initialize
                0x0000000000001f42       0x16 build/default/debug/mcc_generated_files/system/src/system.o
                0x0000000000001f42                SYSTEM_Initialize

.text.exit      0x0000000000001f58       0x16
 .text.exit     0x0000000000001f58       0x16 c:/program files/microchip/xc8/v2.36/avr/bin/../lib/gcc/avr/5.4.0/../../../../avr/lib/avrxmega4/memx-const/mapped\libc.a(exit.o)
                0x0000000000001f58                exit

.text.I2C_EVENT_SEND_RD_ADDR
                0x0000000000001f6e       0x14
 .text.I2C_EVENT_SEND_RD_ADDR
                0x0000000000001f6e       0x14 build/default/debug/mcc_generated_files/i2c_host/src/twi0.o

.text.I2C_EVENT_SEND_WR_ADDR
                0x0000000000001f82       0x12
 .text.I2C_EVENT_SEND_WR_ADDR
                0x0000000000001f82       0x12 build/default/debug/mcc_generated_files/i2c_host/src/twi0.o

.text.puts      0x0000000000001f94       0x12
 .text.puts     0x0000000000001f94       0x12 c:/program files/microchip/xc8/v2.36/avr/bin/../lib/gcc/avr/5.4.0/../../../../avr/lib/avrxmega4/memx-const/mapped\libc.a(puts.o)
                0x0000000000001f94                puts

.text.memset    0x0000000000001fa6       0x12
 .text.memset   0x0000000000001fa6       0x12 c:/program files/microchip/xc8/v2.36/avr/bin/../lib/gcc/avr/5.4.0/../../../../avr/lib/avrxmega4/memx-const/mapped\libc.a(memset.o)
                0x0000000000001fa6                memset

.text.toupper   0x0000000000001fb8       0x12
 .text.toupper  0x0000000000001fb8       0x12 c:/program files/microchip/xc8/v2.36/avr/bin/../lib/gcc/avr/5.4.0/../../../../avr/lib/avrxmega4/memx-const/mapped\libc.a(toupper.o)
                0x0000000000001fb8                toupper

.text.tolower   0x0000000000001fca       0x10
 .text.tolower  0x0000000000001fca       0x10 c:/program files/microchip/xc8/v2.36/avr/bin/../lib/gcc/avr/5.4.0/../../../../avr/lib/avrxmega4/memx-const/mapped\libc.a(tolower.o)
                0x0000000000001fca                tolower

.text.I2C_EVENT_IDLE
                0x0000000000001fda        0xe
 .text.I2C_EVENT_IDLE
                0x0000000000001fda        0xe build/default/debug/mcc_generated_files/i2c_host/src/twi0.o

.text.I2C_EVENT_ERROR
                0x0000000000001fe8        0xc
 .text.I2C_EVENT_ERROR
                0x0000000000001fe8        0xc build/default/debug/mcc_generated_files/i2c_host/src/twi0.o

.text.USART2_IsTxReady
                0x0000000000001ff4        0xc
 .text.USART2_IsTxReady
                0x0000000000001ff4        0xc build/default/debug/mcc_generated_files/uart/src/usart2.o
                0x0000000000001ff4                USART2_IsTxReady

.text.protected_write_io
                0x0000000000002000        0xa
 .text.protected_write_io
                0x0000000000002000        0xa build/default/debug/mcc_generated_files/system/src/protected_io.o
                0x0000000000002000                protected_write_io

.text.__vector_30
                0x000000000000200a        0xa
 .text.__vector_30
                0x000000000000200a        0xa build/default/debug/mcc_generated_files/system/src/pins.o
                0x000000000000200a                __vector_30

.text.I2C_EVENT_NACK
                0x0000000000002014        0x6
 .text.I2C_EVENT_NACK
                0x0000000000002014        0x6 build/default/debug/mcc_generated_files/i2c_host/src/twi0.o

.text.__dummy_fmt4
                0x000000000000201a        0x6
 .text.__dummy_fmt4
                0x000000000000201a        0x6 c:/program files/microchip/xc8/v2.36/avr/bin/../lib/gcc/avr/5.4.0/../../../../avr/lib/avrxmega4/memx-const/mapped\libc.a(__printf_core.o)
                0x000000000000201a                __fmt_fp
                0x000000000000201a                __fmt_a

.text           0x0000000000002020        0x4
 .text          0x0000000000002020        0x4 C:/Program Files/Microchip/MPLABX/v6.25/packs/Microchip/AVR-Dx_DFP/2.7.321/xc8/avr/lib/avrxmega4/memx-const/mapped/crtavr128db28.o
                0x0000000000002020                __vector_38
                0x0000000000002020                __vector_22
                0x0000000000002020                __vector_28
                0x0000000000002020                __vector_1
                0x0000000000002020                __vector_32
                0x0000000000002020                __vector_34
                0x0000000000002020                __vector_12
                0x0000000000002020                __bad_interrupt
                0x0000000000002020                __vector_6
                0x0000000000002020                __vector_31
                0x0000000000002020                __vector_39
                0x0000000000002020                __vector_3
                0x0000000000002020                __vector_23
                0x0000000000002020                __vector_25
                0x0000000000002020                __vector_11
                0x0000000000002020                __vector_13
                0x0000000000002020                __vector_17
                0x0000000000002020                __vector_7
                0x0000000000002020                __vector_41
                0x0000000000002020                __vector_27
                0x0000000000002020                __vector_5
                0x0000000000002020                __vector_33
                0x0000000000002020                __vector_37
                0x0000000000002020                __vector_4
                0x0000000000002020                __vector_9
                0x0000000000002020                __vector_2
                0x0000000000002020                __vector_21
                0x0000000000002020                __vector_15
                0x0000000000002020                __vector_36
                0x0000000000002020                __vector_29
                0x0000000000002020                __vector_40
                0x0000000000002020                __vector_26
                0x0000000000002020                __vector_14
                0x0000000000002020                __vector_10
                0x0000000000002020                __vector_16
                0x0000000000002020                __vector_18
                0x0000000000002020                __vector_20

.text._Exit     0x0000000000002024        0x4
 .text._Exit    0x0000000000002024        0x4 c:/program files/microchip/xc8/v2.36/avr/bin/../lib/gcc/avr/5.4.0/../../../../avr/lib/avrxmega4/memx-const/mapped\libc.a(_Exit.o)
                0x0000000000002024                _Exit

.text.IO_PF1_DefaultInterruptHandler
                0x0000000000002028        0x2
 .text.IO_PF1_DefaultInterruptHandler
                0x0000000000002028        0x2 build/default/debug/mcc_generated_files/system/src/pins.o
                0x0000000000002028                IO_PF1_DefaultInterruptHandler

.text.IO_PF0_DefaultInterruptHandler
                0x000000000000202a        0x2
 .text.IO_PF0_DefaultInterruptHandler
                0x000000000000202a        0x2 build/default/debug/mcc_generated_files/system/src/pins.o
                0x000000000000202a                IO_PF0_DefaultInterruptHandler

.text.IO_PA3_DefaultInterruptHandler
                0x000000000000202c        0x2
 .text.IO_PA3_DefaultInterruptHandler
                0x000000000000202c        0x2 build/default/debug/mcc_generated_files/system/src/pins.o
                0x000000000000202c                IO_PA3_DefaultInterruptHandler

.text.IO_PA2_DefaultInterruptHandler
                0x000000000000202e        0x2
 .text.IO_PA2_DefaultInterruptHandler
                0x000000000000202e        0x2 build/default/debug/mcc_generated_files/system/src/pins.o
                0x000000000000202e                IO_PA2_DefaultInterruptHandler

.text.SW0_DefaultInterruptHandler
                0x0000000000002030        0x2
 .text.SW0_DefaultInterruptHandler
                0x0000000000002030        0x2 build/default/debug/mcc_generated_files/system/src/pins.o
                0x0000000000002030                SW0_DefaultInterruptHandler

.text.SW0_HOOG_DefaultInterruptHandler
                0x0000000000002032        0x2
 .text.SW0_HOOG_DefaultInterruptHandler
                0x0000000000002032        0x2 build/default/debug/mcc_generated_files/system/src/pins.o
                0x0000000000002032                SW0_HOOG_DefaultInterruptHandler

.text.uC_LEDHOOG_DefaultInterruptHandler
                0x0000000000002034        0x2
 .text.uC_LEDHOOG_DefaultInterruptHandler
                0x0000000000002034        0x2 build/default/debug/mcc_generated_files/system/src/pins.o
                0x0000000000002034                uC_LEDHOOG_DefaultInterruptHandler

.text.DEBUG_LED_DefaultInterruptHandler
                0x0000000000002036        0x2
 .text.DEBUG_LED_DefaultInterruptHandler
                0x0000000000002036        0x2 build/default/debug/mcc_generated_files/system/src/pins.o
                0x0000000000002036                DEBUG_LED_DefaultInterruptHandler

.text.USART2_DefaultFramingErrorCallback
                0x0000000000002038        0x2
 .text.USART2_DefaultFramingErrorCallback
                0x0000000000002038        0x2 build/default/debug/mcc_generated_files/uart/src/usart2.o

.text.USART2_DefaultOverrunErrorCallback
                0x000000000000203a        0x2
 .text.USART2_DefaultOverrunErrorCallback
                0x000000000000203a        0x2 build/default/debug/mcc_generated_files/uart/src/usart2.o

.text.USART2_DefaultParityErrorCallback
                0x000000000000203c        0x2
 .text.USART2_DefaultParityErrorCallback
                0x000000000000203c        0x2 build/default/debug/mcc_generated_files/uart/src/usart2.o

.text.__dummy_fini
                0x000000000000203e        0x2
 .text.__dummy_fini
                0x000000000000203e        0x2 c:/program files/microchip/xc8/v2.36/avr/bin/../lib/gcc/avr/5.4.0/../../../../avr/lib/avrxmega4/memx-const/mapped\libc.a(exit.o)
                0x000000000000203e                _fini

.text.__dummy_funcs_on_exit
                0x0000000000002040        0x2
 .text.__dummy_funcs_on_exit
                0x0000000000002040        0x2 c:/program files/microchip/xc8/v2.36/avr/bin/../lib/gcc/avr/5.4.0/../../../../avr/lib/avrxmega4/memx-const/mapped\libc.a(exit.o)
                0x0000000000002040                __funcs_on_exit

.text.__dummy_simulator_exit
                0x0000000000002042        0x2
 .text.__dummy_simulator_exit
                0x0000000000002042        0x2 c:/program files/microchip/xc8/v2.36/avr/bin/../lib/gcc/avr/5.4.0/../../../../avr/lib/avrxmega4/memx-const/mapped\libc.a(exit.o)
                0x0000000000002042                __simulator_exit

.rodata.state_table
                0x0000000000804002       0x16 load address 0x0000000000002044
 .rodata.state_table
                0x0000000000804002       0x16 c:/program files/microchip/xc8/v2.36/avr/bin/../lib/gcc/avr/5.4.0/../../../../avr/lib/avrxmega4/memx-const/mapped\libc.a(__printf_core.o)

.data.USART2_stream
                0x0000000000804018       0x10 load address 0x000000000000205a
 .data.USART2_stream
                0x0000000000804018       0x10 build/default/debug/mcc_generated_files/uart/src/usart2.o
                0x0000000000804018                USART2_stream

.rodata         0x0000000000804036        0x7 load address 0x000000000000206a
 .rodata        0x0000000000804036        0x7 c:/program files/microchip/xc8/v2.36/avr/bin/../lib/gcc/avr/5.4.0/../../../../avr/lib/avrxmega4/memx-const/mapped\libc.a(__fmt_s.o)

.rodata         0x000000000080403d        0x6 load address 0x0000000000002071
 .rodata        0x000000000080403d        0x6 c:/program files/microchip/xc8/v2.36/avr/bin/../lib/gcc/avr/5.4.0/../../../../avr/lib/avrxmega4/memx-const/mapped\libc.a(__printf_core.o)

.data._stdout   0x000000000080405d        0x2 load address 0x0000000000002077
 .data._stdout  0x000000000080405d        0x2 c:/program files/microchip/xc8/v2.36/avr/bin/../lib/gcc/avr/5.4.0/../../../../avr/lib/avrxmega4/memx-const/mapped\libc.a(stdout.o)
                0x000000000080405d                _stdout
